ParseError: content="This is an invalid document...", err=invalid character 'T' looking for beginning of value