ParseError: content="{ unquotedKey: "This is an ...", err=invalid character 'u' looking for beginning of object key string