[
  "FOO",
  "3",
  "c0535e4be2b79ffd93291305436bf889314e4a3faec05ecffcbb7df31ad9e51a"
]