[
  1,
  "two bar",
  false,
  "\u003cno value\u003e"
]