{
  "bar": "fooValue",
  "barWithVarValue": "some oohhhh snap! goes here"
}