{
  "string": "a",
  "withVar": "some oohhhh snap! goes here"
}