{
  "float": 3.14,
  "int": 0,
  "string": "a",
  "withVar": "some oohhhh snap! goes here"
}