ParseError: content="This is an invalid document...", err=Content is a plain text document