ParseError: content=": : This is an invalid docu...", err=error converting YAML to JSON: yaml: did not find expected key