MissingKeyError: key="Action", content="Here is an example of {{ .A...", values=<nil>, err=template: text:1:25: executing "text" at <.Action>: nil data; no entry for key "Action"